// Jest Snapshot v1, https://goo.gl/fbAQLP

exports[`should test ContactUs component 1`] = `
<div>
  This is ContactUs
</div>
`;
