// Jest Snapshot v1, https://goo.gl/fbAQLP

exports[`should test Register component 1`] = `
<div
  className="w-full h-full flex flex-center justify-center mt-10 sm:my-10"
>
  <div
    className="wrapper flex flex-col my-auto w-72 sm:w-96 px-3 py-10 rounded-md border-2 shadow-md"
  >
    <div
      className="text-skin-dark text-center font-bold text-lg mb-4"
    >
      Toronto Weather App Register
    </div>
    <div
      className="my-4"
    >
      <div
        className="mb-1 flex space-x-3"
      >
        <div
          className="flex-1"
        >
          <label
            className="text-xs ml-1 text-skin-dark"
            htmlFor="first-name"
          >
            First Name
          </label>
          <input
            autoComplete=""
            className="appearance-none rounded-md relative text-xs sm:text-sm block w-full px-3 py-2 border  rounded-t-md focus:outline-none focus:ring-indigo-500 focus:border-skin-dark focus:z-10 sm:text-sm"
            id="first-name"
            name="firstName"
            onChange={[Function]}
            onFocus={[Function]}
            placeholder="First Name"
            required={true}
            type="text"
            value=""
          />
        </div>
        <div
          className="flex-1"
        >
          <label
            className="text-xs ml-1 text-skin-dark"
            htmlFor="last-name"
          >
            Last Name
          </label>
          <input
            autoComplete=""
            className="appearance-none rounded-md relative text-xs sm:text-sm block w-full px-3 py-2 border  rounded-t-md focus:outline-none focus:ring-indigo-500 focus:border-skin-dark focus:z-10 sm:text-sm"
            id="last-name"
            name="lastName"
            onChange={[Function]}
            onFocus={[Function]}
            placeholder="Last Name"
            required={true}
            type="text"
            value=""
          />
        </div>
      </div>
      <div
        className="mb-1"
      >
        <label
          className="text-xs ml-1 text-skin-dark"
          htmlFor="email-address"
        >
          Email address
        </label>
        <input
          autoComplete="email"
          className="appearance-none rounded-md relative text-xs sm:text-sm block w-full px-3 py-2 border  rounded-t-md focus:outline-none focus:ring-indigo-500 focus:border-skin-dark focus:z-10 sm:text-sm"
          id="email-address"
          name="email"
          onChange={[Function]}
          onFocus={[Function]}
          placeholder="Email address"
          required={true}
          type="email"
          value=""
        />
      </div>
      <div
        className="mb-1"
      >
        <label
          className="text-xs ml-1 text-skin-dark"
          htmlFor="password"
        >
          Password
        </label>
        <input
          autoComplete="current-password"
          className="appearance-none rounded-md relative text-xs sm:text-sm block w-full px-3 py-2 border text-skin-dark rounded-b-md focus:outline-none focus:ring-indigo-500 focus:border-skin-dark focus:z-10 "
          id="password"
          name="password"
          onChange={[Function]}
          onFocus={[Function]}
          placeholder="Password"
          required={true}
          type="password"
          value=""
        />
      </div>
      <div
        className="mb-1"
      >
        <label
          className="text-xs ml-1 text-skin-dark"
          htmlFor="confirmpassword"
        >
          Confirm Password
        </label>
        <input
          autoComplete="confirm-password"
          className="appearance-none rounded-md relative text-xs sm:text-sm block w-full px-3 py-2 border text-skin-dark rounded-b-md focus:outline-none focus:ring-indigo-500 focus:border-skin-dark focus:z-10 "
          id="confirmPassword"
          name="confirmPassword"
          onChange={[Function]}
          onFocus={[Function]}
          placeholder="Confirm Password"
          required={true}
          type="password"
          value=""
        />
      </div>
    </div>
    <div
      className="mt-3"
    >
      <button
        className="bg-skin-button rounded-md w-full text-skin-light px-4 py-2 text-base"
        disabled={true}
        onClick={[Function]}
      >
        Signup
      </button>
    </div>
    <div
      className="text-xs text-right mt-2 text-skin-dark"
    >
      <a
        className="text-blue-600"
        href="#"
      >
        Forgot Password?
      </a>
    </div>
    <div
      className="text-xs text-right mt-2 text-skin-dark"
    >
      Already a user?
       
      <a
        className="text-blue-600"
        href="/login"
      >
        Login
      </a>
    </div>
  </div>
</div>
`;
